// Jest Snapshot v1, https://goo.gl/fbAQLP

exports[`decomposePublicKey should also support Uint8Array, ArrayBuffer and string besides Node's Buffer 1`] = `
Object {
  "format": "spki-der",
  "keyAlgorithm": Object {
    "id": "rsa-encryption",
  },
  "keyData": Object {
    "modulus": Uint8Array [
      0,
      166,
      53,
      131,
      232,
      151,
      254,
      22,
      219,
      180,
      187,
      248,
      106,
      17,
      27,
      154,
      231,
      54,
      49,
      36,
      22,
      10,
      198,
      20,
      164,
      30,
      244,
      55,
      252,
      5,
      253,
      91,
      131,
      90,
      129,
      232,
      148,
      26,
      193,
      236,
      165,
      71,
      201,
      95,
      139,
      165,
      207,
      106,
      0,
      89,
      83,
      231,
      68,
      86,
      202,
      67,
      242,
      193,
      62,
      0,
      101,
      111,
      4,
      4,
      197,
      136,
      152,
      220,
      168,
      57,
      214,
      225,
      203,
      42,
      253,
      214,
      225,
      142,
      179,
      82,
      91,
      227,
      242,
      13,
      96,
      98,
      232,
      120,
      169,
      74,
      249,
      197,
      192,
      205,
      62,
      17,
      16,
      110,
      162,
      125,
      134,
      42,
      65,
      235,
      199,
      202,
      41,
      193,
      216,
      79,
      100,
      159,
      69,
      241,
      45,
      222,
      131,
      197,
      102,
      222,
      131,
      59,
      53,
      178,
      219,
      77,
      171,
      215,
      148,
      229,
      144,
      181,
      19,
      37,
      50,
      142,
      193,
      34,
      125,
      168,
      105,
      124,
      205,
      161,
      248,
      237,
      32,
      202,
      94,
      83,
      170,
      95,
      67,
      147,
      177,
      80,
      30,
      57,
      208,
      36,
      47,
      199,
      13,
      173,
      241,
      116,
      71,
      78,
      196,
      191,
      155,
      252,
      169,
      45,
      103,
      252,
      95,
      115,
      168,
      150,
      162,
      222,
      90,
      59,
      204,
      249,
      122,
      79,
      65,
      147,
      255,
      57,
      159,
      18,
      15,
      215,
      26,
      167,
      253,
      146,
      210,
      25,
      66,
      88,
      127,
      80,
      8,
      218,
      207,
      54,
      29,
      81,
      62,
      87,
      148,
      139,
      188,
      114,
      54,
      229,
      199,
      62,
      227,
      63,
      169,
      42,
      0,
      93,
      168,
      174,
      255,
      38,
      147,
      1,
      41,
      44,
      83,
      215,
      89,
      81,
      49,
      60,
      228,
      54,
      249,
      107,
      156,
      177,
      168,
      50,
      231,
      81,
      155,
      171,
      209,
      190,
      213,
    ],
    "publicExponent": 65537,
  },
}
`;

exports[`decomposePublicKey should also support Uint8Array, ArrayBuffer and string besides Node's Buffer 2`] = `
Object {
  "format": "spki-der",
  "keyAlgorithm": Object {
    "id": "rsa-encryption",
  },
  "keyData": Object {
    "modulus": Uint8Array [
      0,
      166,
      53,
      131,
      232,
      151,
      254,
      22,
      219,
      180,
      187,
      248,
      106,
      17,
      27,
      154,
      231,
      54,
      49,
      36,
      22,
      10,
      198,
      20,
      164,
      30,
      244,
      55,
      252,
      5,
      253,
      91,
      131,
      90,
      129,
      232,
      148,
      26,
      193,
      236,
      165,
      71,
      201,
      95,
      139,
      165,
      207,
      106,
      0,
      89,
      83,
      231,
      68,
      86,
      202,
      67,
      242,
      193,
      62,
      0,
      101,
      111,
      4,
      4,
      197,
      136,
      152,
      220,
      168,
      57,
      214,
      225,
      203,
      42,
      253,
      214,
      225,
      142,
      179,
      82,
      91,
      227,
      242,
      13,
      96,
      98,
      232,
      120,
      169,
      74,
      249,
      197,
      192,
      205,
      62,
      17,
      16,
      110,
      162,
      125,
      134,
      42,
      65,
      235,
      199,
      202,
      41,
      193,
      216,
      79,
      100,
      159,
      69,
      241,
      45,
      222,
      131,
      197,
      102,
      222,
      131,
      59,
      53,
      178,
      219,
      77,
      171,
      215,
      148,
      229,
      144,
      181,
      19,
      37,
      50,
      142,
      193,
      34,
      125,
      168,
      105,
      124,
      205,
      161,
      248,
      237,
      32,
      202,
      94,
      83,
      170,
      95,
      67,
      147,
      177,
      80,
      30,
      57,
      208,
      36,
      47,
      199,
      13,
      173,
      241,
      116,
      71,
      78,
      196,
      191,
      155,
      252,
      169,
      45,
      103,
      252,
      95,
      115,
      168,
      150,
      162,
      222,
      90,
      59,
      204,
      249,
      122,
      79,
      65,
      147,
      255,
      57,
      159,
      18,
      15,
      215,
      26,
      167,
      253,
      146,
      210,
      25,
      66,
      88,
      127,
      80,
      8,
      218,
      207,
      54,
      29,
      81,
      62,
      87,
      148,
      139,
      188,
      114,
      54,
      229,
      199,
      62,
      227,
      63,
      169,
      42,
      0,
      93,
      168,
      174,
      255,
      38,
      147,
      1,
      41,
      44,
      83,
      215,
      89,
      81,
      49,
      60,
      228,
      54,
      249,
      107,
      156,
      177,
      168,
      50,
      231,
      81,
      155,
      171,
      209,
      190,
      213,
    ],
    "publicExponent": 65537,
  },
}
`;

exports[`decomposePublicKey should also support Uint8Array, ArrayBuffer and string besides Node's Buffer 3`] = `
Object {
  "format": "spki-der",
  "keyAlgorithm": Object {
    "id": "rsa-encryption",
  },
  "keyData": Object {
    "modulus": Uint8Array [
      0,
      166,
      53,
      131,
      232,
      151,
      254,
      22,
      219,
      180,
      187,
      248,
      106,
      17,
      27,
      154,
      231,
      54,
      49,
      36,
      22,
      10,
      198,
      20,
      164,
      30,
      244,
      55,
      252,
      5,
      253,
      91,
      131,
      90,
      129,
      232,
      148,
      26,
      193,
      236,
      165,
      71,
      201,
      95,
      139,
      165,
      207,
      106,
      0,
      89,
      83,
      231,
      68,
      86,
      202,
      67,
      242,
      193,
      62,
      0,
      101,
      111,
      4,
      4,
      197,
      136,
      152,
      220,
      168,
      57,
      214,
      225,
      203,
      42,
      253,
      214,
      225,
      142,
      179,
      82,
      91,
      227,
      242,
      13,
      96,
      98,
      232,
      120,
      169,
      74,
      249,
      197,
      192,
      205,
      62,
      17,
      16,
      110,
      162,
      125,
      134,
      42,
      65,
      235,
      199,
      202,
      41,
      193,
      216,
      79,
      100,
      159,
      69,
      241,
      45,
      222,
      131,
      197,
      102,
      222,
      131,
      59,
      53,
      178,
      219,
      77,
      171,
      215,
      148,
      229,
      144,
      181,
      19,
      37,
      50,
      142,
      193,
      34,
      125,
      168,
      105,
      124,
      205,
      161,
      248,
      237,
      32,
      202,
      94,
      83,
      170,
      95,
      67,
      147,
      177,
      80,
      30,
      57,
      208,
      36,
      47,
      199,
      13,
      173,
      241,
      116,
      71,
      78,
      196,
      191,
      155,
      252,
      169,
      45,
      103,
      252,
      95,
      115,
      168,
      150,
      162,
      222,
      90,
      59,
      204,
      249,
      122,
      79,
      65,
      147,
      255,
      57,
      159,
      18,
      15,
      215,
      26,
      167,
      253,
      146,
      210,
      25,
      66,
      88,
      127,
      80,
      8,
      218,
      207,
      54,
      29,
      81,
      62,
      87,
      148,
      139,
      188,
      114,
      54,
      229,
      199,
      62,
      227,
      63,
      169,
      42,
      0,
      93,
      168,
      174,
      255,
      38,
      147,
      1,
      41,
      44,
      83,
      215,
      89,
      81,
      49,
      60,
      228,
      54,
      249,
      107,
      156,
      177,
      168,
      50,
      231,
      81,
      155,
      171,
      209,
      190,
      213,
    ],
    "publicExponent": 65537,
  },
}
`;

exports[`decomposePublicKey should decompose a ed25519 key 1`] = `
Object {
  "format": "spki-der",
  "keyAlgorithm": Object {
    "id": "ed25519",
  },
  "keyData": Object {
    "bytes": Uint8Array [
      44,
      164,
      164,
      151,
      38,
      69,
      162,
      156,
      247,
      237,
      98,
      184,
      38,
      41,
      134,
      207,
      193,
      28,
      252,
      42,
      53,
      179,
      38,
      69,
      172,
      88,
      192,
      91,
      227,
      191,
      189,
      60,
    ],
  },
}
`;

exports[`decomposePublicKey should decompose a standard RSA key 1`] = `
Object {
  "format": "spki-der",
  "keyAlgorithm": Object {
    "id": "rsa-encryption",
  },
  "keyData": Object {
    "modulus": Uint8Array [
      0,
      166,
      53,
      131,
      232,
      151,
      254,
      22,
      219,
      180,
      187,
      248,
      106,
      17,
      27,
      154,
      231,
      54,
      49,
      36,
      22,
      10,
      198,
      20,
      164,
      30,
      244,
      55,
      252,
      5,
      253,
      91,
      131,
      90,
      129,
      232,
      148,
      26,
      193,
      236,
      165,
      71,
      201,
      95,
      139,
      165,
      207,
      106,
      0,
      89,
      83,
      231,
      68,
      86,
      202,
      67,
      242,
      193,
      62,
      0,
      101,
      111,
      4,
      4,
      197,
      136,
      152,
      220,
      168,
      57,
      214,
      225,
      203,
      42,
      253,
      214,
      225,
      142,
      179,
      82,
      91,
      227,
      242,
      13,
      96,
      98,
      232,
      120,
      169,
      74,
      249,
      197,
      192,
      205,
      62,
      17,
      16,
      110,
      162,
      125,
      134,
      42,
      65,
      235,
      199,
      202,
      41,
      193,
      216,
      79,
      100,
      159,
      69,
      241,
      45,
      222,
      131,
      197,
      102,
      222,
      131,
      59,
      53,
      178,
      219,
      77,
      171,
      215,
      148,
      229,
      144,
      181,
      19,
      37,
      50,
      142,
      193,
      34,
      125,
      168,
      105,
      124,
      205,
      161,
      248,
      237,
      32,
      202,
      94,
      83,
      170,
      95,
      67,
      147,
      177,
      80,
      30,
      57,
      208,
      36,
      47,
      199,
      13,
      173,
      241,
      116,
      71,
      78,
      196,
      191,
      155,
      252,
      169,
      45,
      103,
      252,
      95,
      115,
      168,
      150,
      162,
      222,
      90,
      59,
      204,
      249,
      122,
      79,
      65,
      147,
      255,
      57,
      159,
      18,
      15,
      215,
      26,
      167,
      253,
      146,
      210,
      25,
      66,
      88,
      127,
      80,
      8,
      218,
      207,
      54,
      29,
      81,
      62,
      87,
      148,
      139,
      188,
      114,
      54,
      229,
      199,
      62,
      227,
      63,
      169,
      42,
      0,
      93,
      168,
      174,
      255,
      38,
      147,
      1,
      41,
      44,
      83,
      215,
      89,
      81,
      49,
      60,
      228,
      54,
      249,
      107,
      156,
      177,
      168,
      50,
      231,
      81,
      155,
      171,
      209,
      190,
      213,
    ],
    "publicExponent": 65537,
  },
}
`;
